---
source: crates/sweep-engine-cli/tests/parity.rs
assertion_line: 65
expression: "&actual"
---
{
  "candidates": [
    {
      "entryType": "directory",
      "estimatedBytes": 0,
      "id": "cand_00634678a3777636",
      "isSymlink": false,
      "kind": "dist",
      "name": "dist",
      "path": "__FIXTURE_ROOT__/dist",
      "reasons": [
        "default-pattern"
      ],
      "riskTier": "safe",
      "selectedByDefault": true
    },
    {
      "entryType": "directory",
      "estimatedBytes": 0,
      "id": "cand_5a5fb400668a9fd1",
      "isSymlink": false,
      "kind": "node_modules",
      "name": "node_modules",
      "path": "__FIXTURE_ROOT__/node_modules",
      "reasons": [
        "default-pattern"
      ],
      "riskTier": "safe",
      "selectedByDefault": true
    },
    {
      "entryType": "symlink",
      "estimatedBytes": 0,
      "id": "cand_edaed5f47b66105a",
      "isSymlink": true,
      "kind": "target",
      "name": "target",
      "path": "__FIXTURE_ROOT__/target",
      "reasons": [
        "symlink",
        "default-pattern"
      ],
      "riskTier": "caution",
      "selectedByDefault": false
    }
  ],
  "createdAt": "1970-01-01T00:00:00.000Z",
  "protocolVersion": "1",
  "selectedCandidateIds": [
    "cand_00634678a3777636",
    "cand_5a5fb400668a9fd1"
  ],
  "selectionPolicy": {
    "includeDangerous": false,
    "mode": "default"
  },
  "summary": {
    "candidateCount": 3,
    "estimatedTotalBytes": 0,
    "exact": false,
    "riskCounts": {
      "blocked": 0,
      "caution": 1,
      "dangerous": 0,
      "safe": 2
    },
    "scannedDirs": 2,
    "selectedCount": 2
  },
  "targetDir": "__FIXTURE_ROOT__"
}
